// Jest Snapshot v1, https://goo.gl/fbAQLP

exports[`AccountsListContainer should render correctly 1`] = `
<DocumentFragment>
  <ul>
    <li>
      Poyraz
    </li>
  </ul>
</DocumentFragment>
`;
