// Jest Snapshot v1, https://goo.gl/fbAQLP

exports[`TransactionsList should render correctly 1`] = `
<DocumentFragment>
  <ul
    class="MuiList-root"
  >
    <li
      class="MuiListItem-root MuiListItem-gutters"
    >
      <div
        class="MuiListItemAvatar-root"
      >
        <div
          class="MuiAvatar-root MuiAvatar-circle MuiAvatar-colorDefault"
        >
          <svg
            aria-hidden="true"
            class="MuiSvgIcon-root"
            focusable="false"
            viewBox="0 0 24 24"
          >
            <path
              d="M4 10h3v7H4zM10.5 10h3v7h-3zM2 19h20v3H2zM17 10h3v7h-3zM12 1L2 6v2h20V6z"
            />
          </svg>
        </div>
      </div>
      <div
        class="MuiListItemText-root MuiListItemText-multiline"
      >
        <span
          class="MuiTypography-root MuiListItemText-primary MuiTypography-body1 MuiTypography-displayBlock"
        >
          <p
            class="MuiTypography-root sc-bdfBwQ gKEqEy MuiTypography-body1"
          >
            Poyraz Yilmaz 
          </p>
          sent
          <p
            class="MuiTypography-root sc-gsTCUz dPuDXz MuiTypography-body1"
          >
             50â‚¬ 
          </p>
          to
          <p
            class="MuiTypography-root sc-bdfBwQ gKEqEy MuiTypography-body1"
          >
             Poyraz Yilmaz
          </p>
        </span>
        <p
          class="MuiTypography-root MuiListItemText-secondary MuiTypography-body2 MuiTypography-colorTextSecondary MuiTypography-displayBlock"
        >
          description
        </p>
      </div>
    </li>
  </ul>
</DocumentFragment>
`;
