// Jest Snapshot v1, https://goo.gl/fbAQLP

exports[`AccountCreateForm should render correctly 1`] = `
<DocumentFragment>
  <form
    autocomplete="off"
    novalidate=""
  >
    <div
      class="MuiBox-root MuiBox-root-1"
    >
      <div
        class="MuiFormControl-root MuiTextField-root MuiFormControl-marginNormal"
      >
        <label
          class="MuiFormLabel-root MuiInputLabel-root MuiInputLabel-formControl MuiInputLabel-animated"
          data-shrink="false"
        >
          Name
        </label>
        <div
          class="MuiInputBase-root MuiInput-root MuiInput-underline MuiInputBase-formControl MuiInput-formControl"
        >
          <input
            aria-invalid="false"
            class="MuiInputBase-input MuiInput-input"
            data-testid="name"
            type="text"
            value=""
          />
        </div>
      </div>
      <div
        class="MuiFormControl-root MuiTextField-root MuiFormControl-marginNormal"
      >
        <label
          class="MuiFormLabel-root MuiInputLabel-root MuiInputLabel-formControl MuiInputLabel-animated"
          data-shrink="false"
        >
          Surname
        </label>
        <div
          class="MuiInputBase-root MuiInput-root MuiInput-underline MuiInputBase-formControl MuiInput-formControl"
        >
          <input
            aria-invalid="false"
            class="MuiInputBase-input MuiInput-input"
            data-testid="surname"
            type="text"
            value=""
          />
        </div>
      </div>
      <button
        class="MuiButtonBase-root MuiButton-root MuiButton-contained MuiButton-containedPrimary Mui-disabled Mui-disabled"
        data-testid="submitBtn"
        disabled=""
        tabindex="-1"
        type="submit"
      >
        <span
          class="MuiButton-label"
        >
          <span
            class="MuiButton-startIcon MuiButton-iconSizeMedium"
          >
            <svg
              aria-hidden="true"
              class="MuiSvgIcon-root"
              focusable="false"
              viewBox="0 0 24 24"
            >
              <path
                d="M17 3H5c-1.11 0-2 .9-2 2v14c0 1.1.89 2 2 2h14c1.1 0 2-.9 2-2V7l-4-4zm-5 16c-1.66 0-3-1.34-3-3s1.34-3 3-3 3 1.34 3 3-1.34 3-3 3zm3-10H5V5h10v4z"
              />
            </svg>
          </span>
          Create
        </span>
      </button>
    </div>
  </form>
</DocumentFragment>
`;
